ILI9341_Driver.c:19:6:ILI9341_Init	8	static
ILI9341_Driver.c:154:13:ILI9341_SPI_Init	8	static
ILI9341_Driver.c:172:6:ILI9341_SPI_Send	16	static
ILI9341_Driver.c:177:6:ILI9341_SPI_Send_Multiple	16	static
ILI9341_Driver.c:182:6:ILI9341_Reset	8	static
ILI9341_Driver.c:192:6:ILI9341_Set_Rotation	16	static
ILI9341_Driver.c:218:6:ILI9341_SPI_Send_32	16	static
ILI9341_Driver.c:231:6:ILI9341_Set_Address	32	static
ILI9341_Driver.c:243:6:ILI9341_Fill_Screen	16	static
ILI9341_Driver.c:249:6:ILI9341_Draw_Pixel	24	static
ILI9341_Driver.c:263:6:ILI9341_Draw_Filled_Rectangle	24	static
ILI9341_Driver.c:269:6:ILI9341_Draw_Empty_Rectangle	32	static
ILI9341_Driver.c:277:6:ILI9341_Draw_Line	56	static
ILI9341_Driver.c:325:6:ILI9341_Draw_Circle	72	static
ILI9341_Driver.c:410:6:ILI9341_Draw_String	32	static
ILI9341_Driver.c:444:13:ILI9341_Send_Command	16	static
ILI9341_Driver.c:449:13:ILI9341_Send_Data	16	static
ILI9341_Driver.c:454:13:ILI9341_Send_Burst	24	static
ILI9341_Driver.c:510:6:ILI9341_Draw_Double_Pixel	24	static
ILI9341_Driver.c:524:13:ILI9341_Draw_Char	32	static
ILI9341_Driver.c:576:13:Before_Sending_Data	8	static
ILI9341_Driver.c:581:13:Before_Sending_Command	8	static
