Archive member included to satisfy reference by file (symbol)

c:/st/stm32cubeide_1.3.0/stm32cubeide/plugins/com.st.stm32cube.ide.mcu.externaltools.gnu-tools-for-stm32.7-2018-q2-update.win32_1.0.0.201904181610/tools/bin/../lib/gcc/arm-none-eabi/7.3.1/../../../../arm-none-eabi/lib/thumb/v7e-m/fpv4-sp/hard\libc_nano.a(lib_a-errno.o)
                              Src/syscalls.o (__errno)
c:/st/stm32cubeide_1.3.0/stm32cubeide/plugins/com.st.stm32cube.ide.mcu.externaltools.gnu-tools-for-stm32.7-2018-q2-update.win32_1.0.0.201904181610/tools/bin/../lib/gcc/arm-none-eabi/7.3.1/../../../../arm-none-eabi/lib/thumb/v7e-m/fpv4-sp/hard\libc_nano.a(lib_a-exit.o)
                              c:/st/stm32cubeide_1.3.0/stm32cubeide/plugins/com.st.stm32cube.ide.mcu.externaltools.gnu-tools-for-stm32.7-2018-q2-update.win32_1.0.0.201904181610/tools/bin/../lib/gcc/arm-none-eabi/7.3.1/../../../../arm-none-eabi/lib/thumb/v7e-m/fpv4-sp/hard/crt0.o (exit)
c:/st/stm32cubeide_1.3.0/stm32cubeide/plugins/com.st.stm32cube.ide.mcu.externaltools.gnu-tools-for-stm32.7-2018-q2-update.win32_1.0.0.201904181610/tools/bin/../lib/gcc/arm-none-eabi/7.3.1/../../../../arm-none-eabi/lib/thumb/v7e-m/fpv4-sp/hard\libc_nano.a(lib_a-impure.o)
                              c:/st/stm32cubeide_1.3.0/stm32cubeide/plugins/com.st.stm32cube.ide.mcu.externaltools.gnu-tools-for-stm32.7-2018-q2-update.win32_1.0.0.201904181610/tools/bin/../lib/gcc/arm-none-eabi/7.3.1/../../../../arm-none-eabi/lib/thumb/v7e-m/fpv4-sp/hard\libc_nano.a(lib_a-exit.o) (_global_impure_ptr)
c:/st/stm32cubeide_1.3.0/stm32cubeide/plugins/com.st.stm32cube.ide.mcu.externaltools.gnu-tools-for-stm32.7-2018-q2-update.win32_1.0.0.201904181610/tools/bin/../lib/gcc/arm-none-eabi/7.3.1/../../../../arm-none-eabi/lib/thumb/v7e-m/fpv4-sp/hard\libc_nano.a(lib_a-init.o)
                              c:/st/stm32cubeide_1.3.0/stm32cubeide/plugins/com.st.stm32cube.ide.mcu.externaltools.gnu-tools-for-stm32.7-2018-q2-update.win32_1.0.0.201904181610/tools/bin/../lib/gcc/arm-none-eabi/7.3.1/../../../../arm-none-eabi/lib/thumb/v7e-m/fpv4-sp/hard/crt0.o (__libc_init_array)
c:/st/stm32cubeide_1.3.0/stm32cubeide/plugins/com.st.stm32cube.ide.mcu.externaltools.gnu-tools-for-stm32.7-2018-q2-update.win32_1.0.0.201904181610/tools/bin/../lib/gcc/arm-none-eabi/7.3.1/../../../../arm-none-eabi/lib/thumb/v7e-m/fpv4-sp/hard\libc_nano.a(lib_a-memset.o)
                              c:/st/stm32cubeide_1.3.0/stm32cubeide/plugins/com.st.stm32cube.ide.mcu.externaltools.gnu-tools-for-stm32.7-2018-q2-update.win32_1.0.0.201904181610/tools/bin/../lib/gcc/arm-none-eabi/7.3.1/../../../../arm-none-eabi/lib/thumb/v7e-m/fpv4-sp/hard/crt0.o (memset)

Allocating common symbols
Common symbol       size              file

uwTick              0x4               Drivers/STM32F3xx_HAL_Driver/Src/stm32f3xx_hal.o
pFlash              0x20              Drivers/STM32F3xx_HAL_Driver/Src/stm32f3xx_hal_flash.o
hspi1               0x64              Src/main.o
hh                  0x1               ILI9341/ILI9341_Driver.o

Discarded input sections

 .text          0x0000000000000000        0x0 c:/st/stm32cubeide_1.3.0/stm32cubeide/plugins/com.st.stm32cube.ide.mcu.externaltools.gnu-tools-for-stm32.7-2018-q2-update.win32_1.0.0.201904181610/tools/bin/../lib/gcc/arm-none-eabi/7.3.1/thumb/v7e-m/fpv4-sp/hard/crti.o
 .data          0x0000000000000000        0x0 c:/st/stm32cubeide_1.3.0/stm32cubeide/plugins/com.st.stm32cube.ide.mcu.externaltools.gnu-tools-for-stm32.7-2018-q2-update.win32_1.0.0.201904181610/tools/bin/../lib/gcc/arm-none-eabi/7.3.1/thumb/v7e-m/fpv4-sp/hard/crti.o
 .bss           0x0000000000000000        0x0 c:/st/stm32cubeide_1.3.0/stm32cubeide/plugins/com.st.stm32cube.ide.mcu.externaltools.gnu-tools-for-stm32.7-2018-q2-update.win32_1.0.0.201904181610/tools/bin/../lib/gcc/arm-none-eabi/7.3.1/thumb/v7e-m/fpv4-sp/hard/crti.o
 .data          0x0000000000000000        0x4 c:/st/stm32cubeide_1.3.0/stm32cubeide/plugins/com.st.stm32cube.ide.mcu.externaltools.gnu-tools-for-stm32.7-2018-q2-update.win32_1.0.0.201904181610/tools/bin/../lib/gcc/arm-none-eabi/7.3.1/thumb/v7e-m/fpv4-sp/hard/crtbegin.o
 .text          0x0000000000000000       0x74 c:/st/stm32cubeide_1.3.0/stm32cubeide/plugins/com.st.stm32cube.ide.mcu.externaltools.gnu-tools-for-stm32.7-2018-q2-update.win32_1.0.0.201904181610/tools/bin/../lib/gcc/arm-none-eabi/7.3.1/../../../../arm-none-eabi/lib/thumb/v7e-m/fpv4-sp/hard/crt0.o
 .data          0x0000000000000000        0x0 c:/st/stm32cubeide_1.3.0/stm32cubeide/plugins/com.st.stm32cube.ide.mcu.externaltools.gnu-tools-for-stm32.7-2018-q2-update.win32_1.0.0.201904181610/tools/bin/../lib/gcc/arm-none-eabi/7.3.1/../../../../arm-none-eabi/lib/thumb/v7e-m/fpv4-sp/hard/crt0.o
[...]
Memory Configuration

Name             Origin             Length             Attributes
CCMRAM           0x0000000010000000 0x0000000000002000 xrw
RAM              0x0000000020000000 0x000000000000a000 xrw
FLASH            0x0000000008000000 0x0000000000040000 xr
*default*        0x0000000000000000 0xffffffffffffffff

Linker script and memory map

LOAD c:/st/stm32cubeide_1.3.0/stm32cubeide/plugins/com.st.stm32cube.ide.mcu.externaltools.gnu-tools-for-stm32.7-2018-q2-update.win32_1.0.0.201904181610/tools/bin/../lib/gcc/arm-none-eabi/7.3.1/thumb/v7e-m/fpv4-sp/hard/crti.o
LOAD c:/st/stm32cubeide_1.3.0/stm32cubeide/plugins/com.st.stm32cube.ide.mcu.externaltools.gnu-tools-for-stm32.7-2018-q2-update.win32_1.0.0.201904181610/tools/bin/../lib/gcc/arm-none-eabi/7.3.1/thumb/v7e-m/fpv4-sp/hard/crtbegin.o
LOAD c:/st/stm32cubeide_1.3.0/stm32cubeide/plugins/com.st.stm32cube.ide.mcu.externaltools.gnu-tools-for-stm32.7-2018-q2-update.win32_1.0.0.201904181610/tools/bin/../lib/gcc/arm-none-eabi/7.3.1/../../../../arm-none-eabi/lib/thumb/v7e-m/fpv4-sp/hard/crt0.o
LOAD Display/display.o
LOAD Drivers/STM32F3xx_HAL_Driver/Src/stm32f3xx_hal.o
LOAD Drivers/STM32F3xx_HAL_Driver/Src/stm32f3xx_hal_cortex.o
LOAD Drivers/STM32F3xx_HAL_Driver/Src/stm32f3xx_hal_dma.o
LOAD Drivers/STM32F3xx_HAL_Driver/Src/stm32f3xx_hal_exti.o
LOAD Drivers/STM32F3xx_HAL_Driver/Src/stm32f3xx_hal_flash.o
LOAD Drivers/STM32F3xx_HAL_Driver/Src/stm32f3xx_hal_flash_ex.o
LOAD Drivers/STM32F3xx_HAL_Driver/Src/stm32f3xx_hal_gpio.o
LOAD Drivers/STM32F3xx_HAL_Driver/Src/stm32f3xx_hal_i2c.o
LOAD Drivers/STM32F3xx_HAL_Driver/Src/stm32f3xx_hal_i2c_ex.o
LOAD Drivers/STM32F3xx_HAL_Driver/Src/stm32f3xx_hal_pwr.o
LOAD Drivers/STM32F3xx_HAL_Driver/Src/stm32f3xx_hal_pwr_ex.o
LOAD Drivers/STM32F3xx_HAL_Driver/Src/stm32f3xx_hal_rcc.o
LOAD Drivers/STM32F3xx_HAL_Driver/Src/stm32f3xx_hal_rcc_ex.o
LOAD Drivers/STM32F3xx_HAL_Driver/Src/stm32f3xx_hal_spi.o
LOAD Drivers/STM32F3xx_HAL_Driver/Src/stm32f3xx_hal_spi_ex.o
LOAD Drivers/STM32F3xx_HAL_Driver/Src/stm32f3xx_hal_tim.o
LOAD Drivers/STM32F3xx_HAL_Driver/Src/stm32f3xx_hal_tim_ex.o
LOAD ILI9341/ILI9341_Driver.o
LOAD Src/main.o
LOAD Src/stm32f3xx_hal_msp.o
LOAD Src/stm32f3xx_it.o
LOAD Src/syscalls.o
LOAD Src/sysmem.o
LOAD Src/system_stm32f3xx.o
LOAD Startup/startup_stm32f303vctx.o
LOAD Touch/Touch.o
START GROUP
LOAD c:/st/stm32cubeide_1.3.0/stm32cubeide/plugins/com.st.stm32cube.ide.mcu.externaltools.gnu-tools-for-stm32.7-2018-q2-update.win32_1.0.0.201904181610/tools/bin/../lib/gcc/arm-none-eabi/7.3.1/../../../../arm-none-eabi/lib/thumb/v7e-m/fpv4-sp/hard\libc_nano.a
LOAD c:/st/stm32cubeide_1.3.0/stm32cubeide/plugins/com.st.stm32cube.ide.mcu.externaltools.gnu-tools-for-stm32.7-2018-q2-update.win32_1.0.0.201904181610/tools/bin/../lib/gcc/arm-none-eabi/7.3.1/../../../../arm-none-eabi/lib/thumb/v7e-m/fpv4-sp/hard\libm.a
END GROUP
START GROUP
LOAD c:/st/stm32cubeide_1.3.0/stm32cubeide/plugins/com.st.stm32cube.ide.mcu.externaltools.gnu-tools-for-stm32.7-2018-q2-update.win32_1.0.0.201904181610/tools/bin/../lib/gcc/arm-none-eabi/7.3.1/thumb/v7e-m/fpv4-sp/hard\libgcc.a
LOAD c:/st/stm32cubeide_1.3.0/stm32cubeide/plugins/com.st.stm32cube.ide.mcu.externaltools.gnu-tools-for-stm32.7-2018-q2-update.win32_1.0.0.201904181610/tools/bin/../lib/gcc/arm-none-eabi/7.3.1/../../../../arm-none-eabi/lib/thumb/v7e-m/fpv4-sp/hard\libc_nano.a
END GROUP
START GROUP
LOAD c:/st/stm32cubeide_1.3.0/stm32cubeide/plugins/com.st.stm32cube.ide.mcu.externaltools.gnu-tools-for-stm32.7-2018-q2-update.win32_1.0.0.201904181610/tools/bin/../lib/gcc/arm-none-eabi/7.3.1/thumb/v7e-m/fpv4-sp/hard\libgcc.a
LOAD c:/st/stm32cubeide_1.3.0/stm32cubeide/plugins/com.st.stm32cube.ide.mcu.externaltools.gnu-tools-for-stm32.7-2018-q2-update.win32_1.0.0.201904181610/tools/bin/../lib/gcc/arm-none-eabi/7.3.1/../../../../arm-none-eabi/lib/thumb/v7e-m/fpv4-sp/hard\libc_nano.a
LOAD c:/st/stm32cubeide_1.3.0/stm32cubeide/plugins/com.st.stm32cube.ide.mcu.externaltools.gnu-tools-for-stm32.7-2018-q2-update.win32_1.0.0.201904181610/tools/bin/../lib/gcc/arm-none-eabi/7.3.1/../../../../arm-none-eabi/lib/thumb/v7e-m/fpv4-sp/hard\libnosys.a
END GROUP
START GROUP
LOAD c:/st/stm32cubeide_1.3.0/stm32cubeide/plugins/com.st.stm32cube.ide.mcu.externaltools.gnu-tools-for-stm32.7-2018-q2-update.win32_1.0.0.201904181610/tools/bin/../lib/gcc/arm-none-eabi/7.3.1/thumb/v7e-m/fpv4-sp/hard\libgcc.a
LOAD c:/st/stm32cubeide_1.3.0/stm32cubeide/plugins/com.st.stm32cube.ide.mcu.externaltools.gnu-tools-for-stm32.7-2018-q2-update.win32_1.0.0.201904181610/tools/bin/../lib/gcc/arm-none-eabi/7.3.1/../../../../arm-none-eabi/lib/thumb/v7e-m/fpv4-sp/hard\libc_nano.a
LOAD c:/st/stm32cubeide_1.3.0/stm32cubeide/plugins/com.st.stm32cube.ide.mcu.externaltools.gnu-tools-for-stm32.7-2018-q2-update.win32_1.0.0.201904181610/tools/bin/../lib/gcc/arm-none-eabi/7.3.1/../../../../arm-none-eabi/lib/thumb/v7e-m/fpv4-sp/hard\libnosys.a
END GROUP
LOAD c:/st/stm32cubeide_1.3.0/stm32cubeide/plugins/com.st.stm32cube.ide.mcu.externaltools.gnu-tools-for-stm32.7-2018-q2-update.win32_1.0.0.201904181610/tools/bin/../lib/gcc/arm-none-eabi/7.3.1/thumb/v7e-m/fpv4-sp/hard/crtend.o
LOAD c:/st/stm32cubeide_1.3.0/stm32cubeide/plugins/com.st.stm32cube.ide.mcu.externaltools.gnu-tools-for-stm32.7-2018-q2-update.win32_1.0.0.201904181610/tools/bin/../lib/gcc/arm-none-eabi/7.3.1/thumb/v7e-m/fpv4-sp/hard/crtn.o
                0x000000002000a000                _estack = (ORIGIN (RAM) + LENGTH (RAM))
                0x0000000000000200                _Min_Heap_Size = 0x200
                0x0000000000000400                _Min_Stack_Size = 0x400

.isr_vector     0x0000000008000000      0x188
                0x0000000008000000                . = ALIGN (0x4)
 *(.isr_vector)
 .isr_vector    0x0000000008000000      0x188 Startup/startup_stm32f303vctx.o
                0x0000000008000000                g_pfnVectors
                0x0000000008000188                . = ALIGN (0x4)

.text           0x0000000008000188     0x3658
                0x0000000008000188                . = ALIGN (0x4)
 *(.text)
 .text          0x0000000008000188       0x40 c:/st/stm32cubeide_1.3.0/stm32cubeide/plugins/com.st.stm32cube.ide.mcu.externaltools.gnu-tools-for-stm32.7-2018-q2-update.win32_1.0.0.201904181610/tools/bin/../lib/gcc/arm-none-eabi/7.3.1/thumb/v7e-m/fpv4-sp/hard/crtbegin.o
 *(.text*)
 .text.Display_Round_Icon_40x40
                0x00000000080001c8       0x74 Display/display.o
                0x00000000080001c8                Display_Round_Icon_40x40
 .text.Display_Square_Icon_40x40
                0x000000000800023c       0x6e Display/display.o
                0x000000000800023c                Display_Square_Icon_40x40
 *fill*         0x00000000080002aa        0x2 
 .text.Display_Menu
                0x00000000080002ac      0x118 Display/display.o
                0x00000000080002ac                Display_Menu
 .text.Display_Text
                0x00000000080003c4       0x8c Display/display.o
                0x00000000080003c4                Display_Text
 .text.Display_Color_Picture
                0x0000000008000450       0x84 Display/display.o
                0x0000000008000450                Display_Color_Picture
 .text.HAL_Init
                0x00000000080004d4       0x2c Drivers/STM32F3xx_HAL_Driver/Src/stm32f3xx_hal.o
                0x00000000080004d4                HAL_Init
 .text.HAL_InitTick
                0x0000000008000500       0x60 Drivers/STM32F3xx_HAL_Driver/Src/stm32f3xx_hal.o
                0x0000000008000500                HAL_InitTick
 .text.HAL_IncTick
                0x0000000008000560       0x28 Drivers/STM32F3xx_HAL_Driver/Src/stm32f3xx_hal.o
                0x0000000008000560                HAL_IncTick
 .text.HAL_GetTick
                0x0000000008000588       0x18 Drivers/STM32F3xx_HAL_Driver/Src/stm32f3xx_hal.o
                0x0000000008000588                HAL_GetTick
 .text.HAL_Delay
                0x00000000080005a0       0x44 Drivers/STM32F3xx_HAL_Driver/Src/stm32f3xx_hal.o
                0x00000000080005a0                HAL_Delay
 .text.__NVIC_SetPriorityGrouping
                0x00000000080005e4       0x48 Drivers/STM32F3xx_HAL_Driver/Src/stm32f3xx_hal_cortex.o
 .text.__NVIC_GetPriorityGrouping
                0x000000000800062c       0x1c Drivers/STM32F3xx_HAL_Driver/Src/stm32f3xx_hal_cortex.o
 .text.__NVIC_SetPriority
                0x0000000008000648       0x54 Drivers/STM32F3xx_HAL_Driver/Src/stm32f3xx_hal_cortex.o
 .text.NVIC_EncodePriority
                0x000000000800069c       0x66 Drivers/STM32F3xx_HAL_Driver/Src/stm32f3xx_hal_cortex.o
 *fill*         0x0000000008000702        0x2 
 .text.SysTick_Config
                0x0000000008000704       0x44 Drivers/STM32F3xx_HAL_Driver/Src/stm32f3xx_hal_cortex.o
 .text.HAL_NVIC_SetPriorityGrouping
                0x0000000008000748       0x16 Drivers/STM32F3xx_HAL_Driver/Src/stm32f3xx_hal_cortex.o
                0x0000000008000748                HAL_NVIC_SetPriorityGrouping
 .text.HAL_NVIC_SetPriority
                0x000000000800075e       0x38 Drivers/STM32F3xx_HAL_Driver/Src/stm32f3xx_hal_cortex.o
                0x000000000800075e                HAL_NVIC_SetPriority
 .text.HAL_SYSTICK_Config
                0x0000000008000796       0x18 Drivers/STM32F3xx_HAL_Driver/Src/stm32f3xx_hal_cortex.o
                0x0000000008000796                HAL_SYSTICK_Config
 *fill*         0x00000000080007ae        0x2 
 .text.HAL_GPIO_Init
                0x00000000080007b0      0x2f4 Drivers/STM32F3xx_HAL_Driver/Src/stm32f3xx_hal_gpio.o
                0x00000000080007b0                HAL_GPIO_Init
 .text.HAL_GPIO_ReadPin
                0x0000000008000aa4       0x30 Drivers/STM32F3xx_HAL_Driver/Src/stm32f3xx_hal_gpio.o
                0x0000000008000aa4                HAL_GPIO_ReadPin
 .text.HAL_GPIO_WritePin
                0x0000000008000ad4       0x30 Drivers/STM32F3xx_HAL_Driver/Src/stm32f3xx_hal_gpio.o
                0x0000000008000ad4                HAL_GPIO_WritePin
 .text.HAL_RCC_OscConfig
                0x0000000008000b04      0xe10 Drivers/STM32F3xx_HAL_Driver/Src/stm32f3xx_hal_rcc.o
                0x0000000008000b04                HAL_RCC_OscConfig
 .text.HAL_RCC_ClockConfig
                0x0000000008001914      0x2f8 Drivers/STM32F3xx_HAL_Driver/Src/stm32f3xx_hal_rcc.o
                0x0000000008001914                HAL_RCC_ClockConfig
 .text.HAL_RCC_GetSysClockFreq
                0x0000000008001c0c       0xd4 Drivers/STM32F3xx_HAL_Driver/Src/stm32f3xx_hal_rcc.o
                0x0000000008001c0c                HAL_RCC_GetSysClockFreq
 .text.HAL_SPI_Init
                0x0000000008001ce0      0x124 Drivers/STM32F3xx_HAL_Driver/Src/stm32f3xx_hal_spi.o
                0x0000000008001ce0                HAL_SPI_Init
 .text.HAL_SPI_Transmit
                0x0000000008001e04      0x2cc Drivers/STM32F3xx_HAL_Driver/Src/stm32f3xx_hal_spi.o
                0x0000000008001e04                HAL_SPI_Transmit
 .text.SPI_WaitFlagStateUntilTimeout
                0x00000000080020d0       0xd4 Drivers/STM32F3xx_HAL_Driver/Src/stm32f3xx_hal_spi.o
 .text.SPI_WaitFifoStateUntilTimeout
                0x00000000080021a4       0xda Drivers/STM32F3xx_HAL_Driver/Src/stm32f3xx_hal_spi.o
 .text.SPI_EndRxTxTransaction
                0x000000000800227e       0x8c Drivers/STM32F3xx_HAL_Driver/Src/stm32f3xx_hal_spi.o
 .text.ILI9341_Init
                0x000000000800230a      0x208 ILI9341/ILI9341_Driver.o
                0x000000000800230a                ILI9341_Init
 *fill*         0x0000000008002512        0x2 
 .text.ILI9341_SPI_Init
                0x0000000008002514       0x70 ILI9341/ILI9341_Driver.o
 .text.ILI9341_SPI_Send
                0x0000000008002584       0x24 ILI9341/ILI9341_Driver.o
                0x0000000008002584                ILI9341_SPI_Send
 .text.ILI9341_Reset
                0x00000000080025a8       0x4a ILI9341/ILI9341_Driver.o
                0x00000000080025a8                ILI9341_Reset
 *fill*         0x00000000080025f2        0x2 
 .text.ILI9341_Set_Rotation
                0x00000000080025f4       0x94 ILI9341/ILI9341_Driver.o
                0x00000000080025f4                ILI9341_Set_Rotation
 .text.ILI9341_SPI_Send_32
                0x0000000008002688       0x6e ILI9341/ILI9341_Driver.o
                0x0000000008002688                ILI9341_SPI_Send_32
 .text.ILI9341_Set_Address
                0x00000000080026f6       0x4a ILI9341/ILI9341_Driver.o
                0x00000000080026f6                ILI9341_Set_Address
 .text.ILI9341_Fill_Screen
                0x0000000008002740       0x48 ILI9341/ILI9341_Driver.o
                0x0000000008002740                ILI9341_Fill_Screen
 .text.ILI9341_Draw_Pixel
                0x0000000008002788       0x88 ILI9341/ILI9341_Driver.o
                0x0000000008002788                ILI9341_Draw_Pixel
 .text.ILI9341_Draw_Empty_Rectangle
                0x0000000008002810       0x56 ILI9341/ILI9341_Driver.o
                0x0000000008002810                ILI9341_Draw_Empty_Rectangle
 .text.ILI9341_Draw_Line
                0x0000000008002866      0x100 ILI9341/ILI9341_Driver.o
                0x0000000008002866                ILI9341_Draw_Line
 *fill*         0x0000000008002966        0x2 
 .text.ILI9341_Draw_String
                0x0000000008002968       0xe0 ILI9341/ILI9341_Driver.o
                0x0000000008002968                ILI9341_Draw_String
 .text.ILI9341_Send_Command
                0x0000000008002a48       0x1e ILI9341/ILI9341_Driver.o
 .text.ILI9341_Send_Data
                0x0000000008002a66       0x1e ILI9341/ILI9341_Driver.o
 .text.ILI9341_Send_Burst
                0x0000000008002a84      0x17e ILI9341/ILI9341_Driver.o
 *fill*         0x0000000008002c02        0x2 
 .text.ILI9341_Draw_Double_Pixel
                0x0000000008002c04       0x88 ILI9341/ILI9341_Driver.o
                0x0000000008002c04                ILI9341_Draw_Double_Pixel
 .text.ILI9341_Draw_Char
                0x0000000008002c8c      0x180 ILI9341/ILI9341_Driver.o
 .text.Before_Sending_Data
                0x0000000008002e0c       0x20 ILI9341/ILI9341_Driver.o
 .text.Before_Sending_Command
                0x0000000008002e2c       0x20 ILI9341/ILI9341_Driver.o
 .text.main     0x0000000008002e4c       0xf8 Src/main.o
                0x0000000008002e4c                main
 .text.SystemClock_Config
                0x0000000008002f44       0x76 Src/main.o
                0x0000000008002f44                SystemClock_Config
 *fill*         0x0000000008002fba        0x2 
 .text.MX_SPI1_Init
                0x0000000008002fbc       0x7c Src/main.o
 .text.MX_GPIO_Init
                0x0000000008003038       0xa8 Src/main.o
 .text.Error_Handler
                0x00000000080030e0        0xe Src/main.o
                0x00000000080030e0                Error_Handler
 *fill*         0x00000000080030ee        0x2 
 .text.HAL_MspInit
                0x00000000080030f0       0x48 Src/stm32f3xx_hal_msp.o
                0x00000000080030f0                HAL_MspInit
 .text.HAL_SPI_MspInit
                0x0000000008003138       0x84 Src/stm32f3xx_hal_msp.o
                0x0000000008003138                HAL_SPI_MspInit
 .text.NMI_Handler
                0x00000000080031bc        0xe Src/stm32f3xx_it.o
                0x00000000080031bc                NMI_Handler
 .text.HardFault_Handler
                0x00000000080031ca        0x6 Src/stm32f3xx_it.o
                0x00000000080031ca                HardFault_Handler
 .text.MemManage_Handler
                0x00000000080031d0        0x6 Src/stm32f3xx_it.o
                0x00000000080031d0                MemManage_Handler
 .text.BusFault_Handler
                0x00000000080031d6        0x6 Src/stm32f3xx_it.o
                0x00000000080031d6                BusFault_Handler
 .text.UsageFault_Handler
                0x00000000080031dc        0x6 Src/stm32f3xx_it.o
                0x00000000080031dc                UsageFault_Handler
 .text.SVC_Handler
                0x00000000080031e2        0xe Src/stm32f3xx_it.o
                0x00000000080031e2                SVC_Handler
 .text.DebugMon_Handler
                0x00000000080031f0        0xe Src/stm32f3xx_it.o
                0x00000000080031f0                DebugMon_Handler
 .text.PendSV_Handler
                0x00000000080031fe        0xe Src/stm32f3xx_it.o
                0x00000000080031fe                PendSV_Handler
 .text.SysTick_Handler
                0x000000000800320c        0xc Src/stm32f3xx_it.o
                0x000000000800320c                SysTick_Handler
 .text.SystemInit
                0x0000000008003218       0x2c Src/system_stm32f3xx.o
                0x0000000008003218                SystemInit
 .text.Reset_Handler
                0x0000000008003244       0x50 Startup/startup_stm32f303vctx.o
                0x0000000008003244                Reset_Handler
 .text.Default_Handler
                0x0000000008003294        0x2 Startup/startup_stm32f303vctx.o
                0x0000000008003294                RTC_Alarm_IRQHandler
                0x0000000008003294                TIM8_TRG_COM_IRQHandler
                0x0000000008003294                TIM8_CC_IRQHandler
                0x0000000008003294                TIM1_CC_IRQHandler
                0x0000000008003294                USB_HP_IRQHandler
                0x0000000008003294                PVD_IRQHandler
                0x0000000008003294                TAMP_STAMP_IRQHandler
                0x0000000008003294                EXTI3_IRQHandler
                0x0000000008003294                USB_HP_CAN_TX_IRQHandler
                0x0000000008003294                EXTI0_IRQHandler
                0x0000000008003294                I2C2_EV_IRQHandler
                0x0000000008003294                FPU_IRQHandler
                0x0000000008003294                TIM1_UP_TIM16_IRQHandler
                0x0000000008003294                ADC1_2_IRQHandler
                0x0000000008003294                SPI1_IRQHandler
                0x0000000008003294                CAN_SCE_IRQHandler
                0x0000000008003294                TIM6_DAC_IRQHandler
                0x0000000008003294                TIM8_UP_IRQHandler
                0x0000000008003294                DMA2_Channel2_IRQHandler
                0x0000000008003294                DMA1_Channel4_IRQHandler
                0x0000000008003294                USART3_IRQHandler
                0x0000000008003294                DMA1_Channel7_IRQHandler
                0x0000000008003294                UART5_IRQHandler
                0x0000000008003294                ADC3_IRQHandler
                0x0000000008003294                TIM4_IRQHandler
                0x0000000008003294                CAN_RX1_IRQHandler
                0x0000000008003294                DMA2_Channel1_IRQHandler
                0x0000000008003294                I2C1_EV_IRQHandler
                0x0000000008003294                DMA1_Channel6_IRQHandler
                0x0000000008003294                UART4_IRQHandler
                0x0000000008003294                DMA2_Channel4_IRQHandler
                0x0000000008003294                TIM3_IRQHandler
                0x0000000008003294                RCC_IRQHandler
                0x0000000008003294                DMA1_Channel1_IRQHandler
                0x0000000008003294                Default_Handler
                0x0000000008003294                USBWakeUp_RMP_IRQHandler
                0x0000000008003294                EXTI15_10_IRQHandler
                0x0000000008003294                TIM7_IRQHandler
                0x0000000008003294                EXTI9_5_IRQHandler
                0x0000000008003294                RTC_WKUP_IRQHandler
                0x0000000008003294                SPI2_IRQHandler
                0x0000000008003294                USB_LP_CAN_RX0_IRQHandler
                0x0000000008003294                DMA2_Channel5_IRQHandler
                0x0000000008003294                DMA1_Channel5_IRQHandler
                0x0000000008003294                USB_LP_IRQHandler
                0x0000000008003294                EXTI4_IRQHandler
                0x0000000008003294                TIM1_TRG_COM_TIM17_IRQHandler
                0x0000000008003294                DMA1_Channel3_IRQHandler
                0x0000000008003294                ADC4_IRQHandler
                0x0000000008003294                WWDG_IRQHandler
                0x0000000008003294                TIM2_IRQHandler
                0x0000000008003294                COMP7_IRQHandler
                0x0000000008003294                COMP1_2_3_IRQHandler
                0x0000000008003294                EXTI1_IRQHandler
                0x0000000008003294                USART2_IRQHandler
                0x0000000008003294                COMP4_5_6_IRQHandler
                0x0000000008003294                I2C2_ER_IRQHandler
                0x0000000008003294                DMA1_Channel2_IRQHandler
                0x0000000008003294                TIM8_BRK_IRQHandler
                0x0000000008003294                FLASH_IRQHandler
                0x0000000008003294                USART1_IRQHandler
                0x0000000008003294                SPI3_IRQHandler
                0x0000000008003294                I2C1_ER_IRQHandler
                0x0000000008003294                USBWakeUp_IRQHandler
                0x0000000008003294                DMA2_Channel3_IRQHandler
                0x0000000008003294                EXTI2_TSC_IRQHandler
                0x0000000008003294                TIM1_BRK_TIM15_IRQHandler
 *fill*         0x0000000008003296        0x2 
 .text.TP_Write_Byte
                0x0000000008003298       0x70 Touch/Touch.o
                0x0000000008003298                TP_Write_Byte
 .text.TP_Read_AD
                0x0000000008003308       0xd0 Touch/Touch.o
                0x0000000008003308                TP_Read_AD
 .text.TP_Read_XOY
                0x00000000080033d8      0x104 Touch/Touch.o
                0x00000000080033d8                TP_Read_XOY
 .text.TP_Read_XY
                0x00000000080034dc       0x44 Touch/Touch.o
                0x00000000080034dc                TP_Read_XY
 .text.TP_Read_XY2
                0x0000000008003520       0xcc Touch/Touch.o
                0x0000000008003520                TP_Read_XY2
 .text.TP_Scan  0x00000000080035ec      0x11c Touch/Touch.o
                0x00000000080035ec                TP_Scan
 .text.TP_Init  0x0000000008003708       0x68 Touch/Touch.o
                0x0000000008003708                TP_Init
 .text.__libc_init_array
                0x0000000008003770       0x48 c:/st/stm32cubeide_1.3.0/stm32cubeide/plugins/com.st.stm32cube.ide.mcu.externaltools.gnu-tools-for-stm32.7-2018-q2-update.win32_1.0.0.201904181610/tools/bin/../lib/gcc/arm-none-eabi/7.3.1/../../../../arm-none-eabi/lib/thumb/v7e-m/fpv4-sp/hard\libc_nano.a(lib_a-init.o)
                0x0000000008003770                __libc_init_array
 .text.memset   0x00000000080037b8       0x10 c:/st/stm32cubeide_1.3.0/stm32cubeide/plugins/com.st.stm32cube.ide.mcu.externaltools.gnu-tools-for-stm32.7-2018-q2-update.win32_1.0.0.201904181610/tools/bin/../lib/gcc/arm-none-eabi/7.3.1/../../../../arm-none-eabi/lib/thumb/v7e-m/fpv4-sp/hard\libc_nano.a(lib_a-memset.o)
                0x00000000080037b8                memset
 *(.glue_7)
 .glue_7        0x00000000080037c8        0x0 linker stubs
 *(.glue_7t)
 .glue_7t       0x00000000080037c8        0x0 linker stubs
 *(.eh_frame)
 .eh_frame      0x00000000080037c8        0x0 c:/st/stm32cubeide_1.3.0/stm32cubeide/plugins/com.st.stm32cube.ide.mcu.externaltools.gnu-tools-for-stm32.7-2018-q2-update.win32_1.0.0.201904181610/tools/bin/../lib/gcc/arm-none-eabi/7.3.1/thumb/v7e-m/fpv4-sp/hard/crtbegin.o
 *(.init)
 .init          0x00000000080037c8        0x4 c:/st/stm32cubeide_1.3.0/stm32cubeide/plugins/com.st.stm32cube.ide.mcu.externaltools.gnu-tools-for-stm32.7-2018-q2-update.win32_1.0.0.201904181610/tools/bin/../lib/gcc/arm-none-eabi/7.3.1/thumb/v7e-m/fpv4-sp/hard/crti.o
                0x00000000080037c8                _init
 .init          0x00000000080037cc        0x8 c:/st/stm32cubeide_1.3.0/stm32cubeide/plugins/com.st.stm32cube.ide.mcu.externaltools.gnu-tools-for-stm32.7-2018-q2-update.win32_1.0.0.201904181610/tools/bin/../lib/gcc/arm-none-eabi/7.3.1/thumb/v7e-m/fpv4-sp/hard/crtn.o
 *(.fini)
 .fini          0x00000000080037d4        0x4 c:/st/stm32cubeide_1.3.0/stm32cubeide/plugins/com.st.stm32cube.ide.mcu.externaltools.gnu-tools-for-stm32.7-2018-q2-update.win32_1.0.0.201904181610/tools/bin/../lib/gcc/arm-none-eabi/7.3.1/thumb/v7e-m/fpv4-sp/hard/crti.o
                0x00000000080037d4                _fini
 .fini          0x00000000080037d8        0x8 c:/st/stm32cubeide_1.3.0/stm32cubeide/plugins/com.st.stm32cube.ide.mcu.externaltools.gnu-tools-for-stm32.7-2018-q2-update.win32_1.0.0.201904181610/tools/bin/../lib/gcc/arm-none-eabi/7.3.1/thumb/v7e-m/fpv4-sp/hard/crtn.o
                0x00000000080037e0                . = ALIGN (0x4)
                0x00000000080037e0                _etext = .

.vfp11_veneer   0x00000000080037e0        0x0
 .vfp11_veneer  0x00000000080037e0        0x0 linker stubs

.v4_bx          0x00000000080037e0        0x0
 .v4_bx         0x00000000080037e0        0x0 linker stubs

.iplt           0x00000000080037e0        0x0
 .iplt          0x00000000080037e0        0x0 c:/st/stm32cubeide_1.3.0/stm32cubeide/plugins/com.st.stm32cube.ide.mcu.externaltools.gnu-tools-for-stm32.7-2018-q2-update.win32_1.0.0.201904181610/tools/bin/../lib/gcc/arm-none-eabi/7.3.1/thumb/v7e-m/fpv4-sp/hard/crtbegin.o

.rodata         0x00000000080037e0    0x37770
                0x00000000080037e0                . = ALIGN (0x4)
 *(.rodata)
 .rodata        0x00000000080037e0       0x58 Display/display.o
 *(.rodata*)
 .rodata.battery_icon
                0x0000000008003838      0x320 Display/display.o
                0x0000000008003838                battery_icon
 .rodata.home_icon_40x40
                0x0000000008003b58     0x1900 Display/display.o
                0x0000000008003b58                home_icon_40x40
 .rodata.music_icon_40x40
                0x0000000008005458     0x1900 Display/display.o
                0x0000000008005458                music_icon_40x40
 .rodata.note_icon_40x40
                0x0000000008006d58     0x1900 Display/display.o
                0x0000000008006d58                note_icon_40x40
 .rodata.game_icon_40x40
                0x0000000008008658     0x1900 Display/display.o
                0x0000000008008658                game_icon_40x40
 .rodata.facebook_icon_40x40
                0x0000000008009f58     0x1900 Display/display.o
                0x0000000008009f58                facebook_icon_40x40
 .rodata.image_icon_40x40
                0x000000000800b858     0x1900 Display/display.o
                0x000000000800b858                image_icon_40x40
 .rodata.back_icon_40x40
                0x000000000800d158     0x1900 Display/display.o
                0x000000000800d158                back_icon_40x40
 .rodata.spiderman
                0x000000000800ea58    0x2bc00 Display/display.o
                0x000000000800ea58                spiderman
 .rodata.aPLLMULFactorTable
                0x000000000803a658       0x10 Drivers/STM32F3xx_HAL_Driver/Src/stm32f3xx_hal_rcc.o
                0x000000000803a658                aPLLMULFactorTable
 .rodata.aPredivFactorTable
                0x000000000803a668       0x10 Drivers/STM32F3xx_HAL_Driver/Src/stm32f3xx_hal_rcc.o
                0x000000000803a668                aPredivFactorTable
 .rodata.chars8
                0x000000000803a678      0x2d8 ILI9341/ILI9341_Driver.o
 .rodata.chars16
                0x000000000803a950      0x5f0 ILI9341/ILI9341_Driver.o
 .rodata.AHBPrescTable
                0x000000000803af40       0x10 Src/system_stm32f3xx.o
                0x000000000803af40                AHBPrescTable
                0x000000000803af50                . = ALIGN (0x4)

.rel.dyn        0x000000000803af50        0x0
 .rel.iplt      0x000000000803af50        0x0 c:/st/stm32cubeide_1.3.0/stm32cubeide/plugins/com.st.stm32cube.ide.mcu.externaltools.gnu-tools-for-stm32.7-2018-q2-update.win32_1.0.0.201904181610/tools/bin/../lib/gcc/arm-none-eabi/7.3.1/thumb/v7e-m/fpv4-sp/hard/crtbegin.o

.ARM.extab      0x000000000803af50        0x0
                0x000000000803af50                . = ALIGN (0x4)
 *(.ARM.extab* .gnu.linkonce.armextab.*)
                0x000000000803af50                . = ALIGN (0x4)

.ARM            0x000000000803af50        0x0
                0x000000000803af50                . = ALIGN (0x4)
                0x000000000803af50                __exidx_start = .
 *(.ARM.exidx*)
                0x000000000803af50                __exidx_end = .
                0x000000000803af50                . = ALIGN (0x4)

.preinit_array  0x000000000803af50        0x0
                0x000000000803af50                . = ALIGN (0x4)
                0x000000000803af50                PROVIDE (__preinit_array_start = .)
 *(.preinit_array*)
                0x000000000803af50                PROVIDE (__preinit_array_end = .)
                0x000000000803af50                . = ALIGN (0x4)

.init_array     0x000000000803af50        0x4
                0x000000000803af50                . = ALIGN (0x4)
                0x000000000803af50                PROVIDE (__init_array_start = .)
 *(SORT_BY_NAME(.init_array.*))
 *(.init_array*)
 .init_array    0x000000000803af50        0x4 c:/st/stm32cubeide_1.3.0/stm32cubeide/plugins/com.st.stm32cube.ide.mcu.externaltools.gnu-tools-for-stm32.7-2018-q2-update.win32_1.0.0.201904181610/tools/bin/../lib/gcc/arm-none-eabi/7.3.1/thumb/v7e-m/fpv4-sp/hard/crtbegin.o
                0x000000000803af54                PROVIDE (__init_array_end = .)
                0x000000000803af54                . = ALIGN (0x4)

.fini_array     0x000000000803af54        0x4
                0x000000000803af54                . = ALIGN (0x4)
                [!provide]                        PROVIDE (__fini_array_start = .)
 *(SORT_BY_NAME(.fini_array.*))
 *(.fini_array*)
 .fini_array    0x000000000803af54        0x4 c:/st/stm32cubeide_1.3.0/stm32cubeide/plugins/com.st.stm32cube.ide.mcu.externaltools.gnu-tools-for-stm32.7-2018-q2-update.win32_1.0.0.201904181610/tools/bin/../lib/gcc/arm-none-eabi/7.3.1/thumb/v7e-m/fpv4-sp/hard/crtbegin.o
                [!provide]                        PROVIDE (__fini_array_end = .)
                0x000000000803af58                . = ALIGN (0x4)
                0x000000000803af58                _sidata = LOADADDR (.data)

.data           0x0000000020000000       0x3c load address 0x000000000803af58
                0x0000000020000000                . = ALIGN (0x4)
                0x0000000020000000                _sdata = .
 *(.data)
 *(.data*)
 .data.uwTickPrio
                0x0000000020000000        0x4 Drivers/STM32F3xx_HAL_Driver/Src/stm32f3xx_hal.o
                0x0000000020000000                uwTickPrio
 .data.uwTickFreq
                0x0000000020000004        0x1 Drivers/STM32F3xx_HAL_Driver/Src/stm32f3xx_hal.o
                0x0000000020000004                uwTickFreq
 *fill*         0x0000000020000005        0x3 
 .data.X_SIZE   0x0000000020000008        0x4 ILI9341/ILI9341_Driver.o
 .data.Y_SIZE   0x000000002000000c        0x4 ILI9341/ILI9341_Driver.o
 .data.SystemCoreClock
                0x0000000020000010        0x4 Src/system_stm32f3xx.o
                0x0000000020000010                SystemCoreClock
 .data.tp_dev   0x0000000020000014       0x24 Touch/Touch.o
                0x0000000020000014                tp_dev
 .data.CMD_RDX  0x0000000020000038        0x1 Touch/Touch.o
                0x0000000020000038                CMD_RDX
 .data.CMD_RDY  0x0000000020000039        0x1 Touch/Touch.o
                0x0000000020000039                CMD_RDY
                0x000000002000003c                . = ALIGN (0x4)
 *fill*         0x000000002000003a        0x2 
                0x000000002000003c                _edata = .

.igot.plt       0x000000002000003c        0x0 load address 0x000000000803af94
 .igot.plt      0x000000002000003c        0x0 c:/st/stm32cubeide_1.3.0/stm32cubeide/plugins/com.st.stm32cube.ide.mcu.externaltools.gnu-tools-for-stm32.7-2018-q2-update.win32_1.0.0.201904181610/tools/bin/../lib/gcc/arm-none-eabi/7.3.1/thumb/v7e-m/fpv4-sp/hard/crtbegin.o
                0x000000002000003c                . = ALIGN (0x4)

.bss            0x000000002000003c       0xf0 load address 0x000000000803af94
                0x000000002000003c                _sbss = .
                0x000000002000003c                __bss_start__ = _sbss
 *(.bss)
 .bss           0x000000002000003c       0x1c c:/st/stm32cubeide_1.3.0/stm32cubeide/plugins/com.st.stm32cube.ide.mcu.externaltools.gnu-tools-for-stm32.7-2018-q2-update.win32_1.0.0.201904181610/tools/bin/../lib/gcc/arm-none-eabi/7.3.1/thumb/v7e-m/fpv4-sp/hard/crtbegin.o
 *(.bss*)
 .bss.lcd_spi   0x0000000020000058       0x64 ILI9341/ILI9341_Driver.o
 .bss.state     0x00000000200000bc        0x1 Src/main.o
                0x00000000200000bc                state
 *(COMMON)
 *fill*         0x00000000200000bd        0x3 
 COMMON         0x00000000200000c0        0x4 Drivers/STM32F3xx_HAL_Driver/Src/stm32f3xx_hal.o
                0x00000000200000c0                uwTick
 COMMON         0x00000000200000c4        0x1 ILI9341/ILI9341_Driver.o
                0x00000000200000c4                hh
 *fill*         0x00000000200000c5        0x3 
 COMMON         0x00000000200000c8       0x64 Src/main.o
                0x00000000200000c8                hspi1
                0x000000002000012c                . = ALIGN (0x4)
                0x000000002000012c                _ebss = .
                0x000000002000012c                __bss_end__ = _ebss

._user_heap_stack
                0x000000002000012c      0x604 load address 0x000000000803af94
                0x0000000020000130                . = ALIGN (0x8)
 *fill*         0x000000002000012c        0x4 
                0x0000000020000130                PROVIDE (end = .)
                [!provide]                        PROVIDE (_end = .)
                0x0000000020000330                . = (. + _Min_Heap_Size)
 *fill*         0x0000000020000130      0x200 
                0x0000000020000730                . = (. + _Min_Stack_Size)
 *fill*         0x0000000020000330      0x400 
                0x0000000020000730                . = ALIGN (0x8)

/DISCARD/
 libc.a(*)
 libm.a(*)
 libgcc.a(*)

.ARM.attributes
                0x0000000000000000       0x30
 *(.ARM.attributes)
 .ARM.attributes
                0x0000000000000000       0x22 c:/st/stm32cubeide_1.3.0/stm32cubeide/plugins/com.st.stm32cube.ide.mcu.externaltools.gnu-tools-for-stm32.7-2018-q2-update.win32_1.0.0.201904181610/tools/bin/../lib/gcc/arm-none-eabi/7.3.1/thumb/v7e-m/fpv4-sp/hard/crti.o
 .ARM.attributes
                0x0000000000000022       0x34 c:/st/stm32cubeide_1.3.0/stm32cubeide/plugins/com.st.stm32cube.ide.mcu.externaltools.gnu-tools-for-stm32.7-2018-q2-update.win32_1.0.0.201904181610/tools/bin/../lib/gcc/arm-none-eabi/7.3.1/thumb/v7e-m/fpv4-sp/hard/crtbegin.o
 .ARM.attributes
                0x0000000000000056       0x39 Display/display.o
 .ARM.attributes
                0x000000000000008f       0x39 Drivers/STM32F3xx_HAL_Driver/Src/stm32f3xx_hal.o
 .ARM.attributes
                0x00000000000000c8       0x39 Drivers/STM32F3xx_HAL_Driver/Src/stm32f3xx_hal_cortex.o
 .ARM.attributes
                0x0000000000000101       0x39 Drivers/STM32F3xx_HAL_Driver/Src/stm32f3xx_hal_gpio.o
 .ARM.attributes
                0x000000000000013a       0x39 Drivers/STM32F3xx_HAL_Driver/Src/stm32f3xx_hal_rcc.o
 .ARM.attributes
                0x0000000000000173       0x39 Drivers/STM32F3xx_HAL_Driver/Src/stm32f3xx_hal_spi.o
 .ARM.attributes
                0x00000000000001ac       0x39 ILI9341/ILI9341_Driver.o
 .ARM.attributes
                0x00000000000001e5       0x39 Src/main.o
 .ARM.attributes
                0x000000000000021e       0x39 Src/stm32f3xx_hal_msp.o
 .ARM.attributes
                0x0000000000000257       0x39 Src/stm32f3xx_it.o
 .ARM.attributes
                0x0000000000000290       0x39 Src/system_stm32f3xx.o
 .ARM.attributes
                0x00000000000002c9       0x21 Startup/startup_stm32f303vctx.o
 .ARM.attributes
                0x00000000000002ea       0x39 Touch/Touch.o
 .ARM.attributes
                0x0000000000000323       0x34 c:/st/stm32cubeide_1.3.0/stm32cubeide/plugins/com.st.stm32cube.ide.mcu.externaltools.gnu-tools-for-stm32.7-2018-q2-update.win32_1.0.0.201904181610/tools/bin/../lib/gcc/arm-none-eabi/7.3.1/../../../../arm-none-eabi/lib/thumb/v7e-m/fpv4-sp/hard\libc_nano.a(lib_a-init.o)
 .ARM.attributes
                0x0000000000000357       0x34 c:/st/stm32cubeide_1.3.0/stm32cubeide/plugins/com.st.stm32cube.ide.mcu.externaltools.gnu-tools-for-stm32.7-2018-q2-update.win32_1.0.0.201904181610/tools/bin/../lib/gcc/arm-none-eabi/7.3.1/../../../../arm-none-eabi/lib/thumb/v7e-m/fpv4-sp/hard\libc_nano.a(lib_a-memset.o)
 .ARM.attributes
                0x000000000000038b       0x22 c:/st/stm32cubeide_1.3.0/stm32cubeide/plugins/com.st.stm32cube.ide.mcu.externaltools.gnu-tools-for-stm32.7-2018-q2-update.win32_1.0.0.201904181610/tools/bin/../lib/gcc/arm-none-eabi/7.3.1/thumb/v7e-m/fpv4-sp/hard/crtn.o
OUTPUT(LCDDisplayDemo.elf elf32-littlearm)

.debug_info     0x0000000000000000     0xa02e
 .debug_info    0x0000000000000000      0xde7 Display/display.o
 .debug_info    0x0000000000000de7      0x7e2 Drivers/STM32F3xx_HAL_Driver/Src/stm32f3xx_hal.o
 .debug_info    0x00000000000015c9      0xd99 Drivers/STM32F3xx_HAL_Driver/Src/stm32f3xx_hal_cortex.o
 .debug_info    0x0000000000002362      0x6fc Drivers/STM32F3xx_HAL_Driver/Src/stm32f3xx_hal_gpio.o
 .debug_info    0x0000000000002a5e     0x180f Drivers/STM32F3xx_HAL_Driver/Src/stm32f3xx_hal_rcc.o
 .debug_info    0x000000000000426d     0x1625 Drivers/STM32F3xx_HAL_Driver/Src/stm32f3xx_hal_spi.o
 .debug_info    0x0000000000005892     0x16b7 ILI9341/ILI9341_Driver.o
 .debug_info    0x0000000000006f49     0x138c Src/main.o
 .debug_info    0x00000000000082d5      0x8ad Src/stm32f3xx_hal_msp.o
 .debug_info    0x0000000000008b82      0x20d Src/stm32f3xx_it.o
 .debug_info    0x0000000000008d8f      0x45c Src/system_stm32f3xx.o
 .debug_info    0x00000000000091eb       0x22 Startup/startup_stm32f303vctx.o
 .debug_info    0x000000000000920d      0xe21 Touch/Touch.o

.debug_abbrev   0x0000000000000000     0x1867
 .debug_abbrev  0x0000000000000000      0x22d Display/display.o
 .debug_abbrev  0x000000000000022d      0x1c7 Drivers/STM32F3xx_HAL_Driver/Src/stm32f3xx_hal.o
 .debug_abbrev  0x00000000000003f4      0x2fa Drivers/STM32F3xx_HAL_Driver/Src/stm32f3xx_hal_cortex.o
 .debug_abbrev  0x00000000000006ee      0x1c0 Drivers/STM32F3xx_HAL_Driver/Src/stm32f3xx_hal_gpio.o
 .debug_abbrev  0x00000000000008ae      0x28c Drivers/STM32F3xx_HAL_Driver/Src/stm32f3xx_hal_rcc.o
 .debug_abbrev  0x0000000000000b3a      0x228 Drivers/STM32F3xx_HAL_Driver/Src/stm32f3xx_hal_spi.o
 .debug_abbrev  0x0000000000000d62      0x2c0 ILI9341/ILI9341_Driver.o
 .debug_abbrev  0x0000000000001022      0x25d Src/main.o
 .debug_abbrev  0x000000000000127f      0x18c Src/stm32f3xx_hal_msp.o
 .debug_abbrev  0x000000000000140b       0xc6 Src/stm32f3xx_it.o
 .debug_abbrev  0x00000000000014d1      0x12b Src/system_stm32f3xx.o
 .debug_abbrev  0x00000000000015fc       0x12 Startup/startup_stm32f303vctx.o
 .debug_abbrev  0x000000000000160e      0x259 Touch/Touch.o

.debug_aranges  0x0000000000000000      0x730
 .debug_aranges
                0x0000000000000000       0x48 Display/display.o
 .debug_aranges
                0x0000000000000048       0xe0 Drivers/STM32F3xx_HAL_Driver/Src/stm32f3xx_hal.o
 .debug_aranges
                0x0000000000000128      0x118 Drivers/STM32F3xx_HAL_Driver/Src/stm32f3xx_hal_cortex.o
 .debug_aranges
                0x0000000000000240       0x58 Drivers/STM32F3xx_HAL_Driver/Src/stm32f3xx_hal_gpio.o
 .debug_aranges
                0x0000000000000298       0x88 Drivers/STM32F3xx_HAL_Driver/Src/stm32f3xx_hal_rcc.o
 .debug_aranges
                0x0000000000000320      0x1d8 Drivers/STM32F3xx_HAL_Driver/Src/stm32f3xx_hal_spi.o
 .debug_aranges
                0x00000000000004f8       0xc8 ILI9341/ILI9341_Driver.o
 .debug_aranges
                0x00000000000005c0       0x40 Src/main.o
 .debug_aranges
                0x0000000000000600       0x30 Src/stm32f3xx_hal_msp.o
 .debug_aranges
                0x0000000000000630       0x60 Src/stm32f3xx_it.o
 .debug_aranges
                0x0000000000000690       0x28 Src/system_stm32f3xx.o
 .debug_aranges
                0x00000000000006b8       0x28 Startup/startup_stm32f303vctx.o
 .debug_aranges
                0x00000000000006e0       0x50 Touch/Touch.o

.debug_ranges   0x0000000000000000      0x668
 .debug_ranges  0x0000000000000000       0x38 Display/display.o
 .debug_ranges  0x0000000000000038       0xd0 Drivers/STM32F3xx_HAL_Driver/Src/stm32f3xx_hal.o
 .debug_ranges  0x0000000000000108      0x108 Drivers/STM32F3xx_HAL_Driver/Src/stm32f3xx_hal_cortex.o
 .debug_ranges  0x0000000000000210       0x48 Drivers/STM32F3xx_HAL_Driver/Src/stm32f3xx_hal_gpio.o
 .debug_ranges  0x0000000000000258       0x78 Drivers/STM32F3xx_HAL_Driver/Src/stm32f3xx_hal_rcc.o
 .debug_ranges  0x00000000000002d0      0x1c8 Drivers/STM32F3xx_HAL_Driver/Src/stm32f3xx_hal_spi.o
 .debug_ranges  0x0000000000000498       0xb8 ILI9341/ILI9341_Driver.o
 .debug_ranges  0x0000000000000550       0x30 Src/main.o
 .debug_ranges  0x0000000000000580       0x20 Src/stm32f3xx_hal_msp.o
 .debug_ranges  0x00000000000005a0       0x50 Src/stm32f3xx_it.o
 .debug_ranges  0x00000000000005f0       0x18 Src/system_stm32f3xx.o
 .debug_ranges  0x0000000000000608       0x20 Startup/startup_stm32f303vctx.o
 .debug_ranges  0x0000000000000628       0x40 Touch/Touch.o

.debug_macro    0x0000000000000000    0x19bde
 .debug_macro   0x0000000000000000      0x303 Display/display.o
 .debug_macro   0x0000000000000303      0xa5a Display/display.o
 .debug_macro   0x0000000000000d5d      0x151 Display/display.o
 .debug_macro   0x0000000000000eae       0x2e Display/display.o
 .debug_macro   0x0000000000000edc       0x28 Display/display.o
 .debug_macro   0x0000000000000f04       0x22 Display/display.o
 .debug_macro   0x0000000000000f26       0x8e Display/display.o
 .debug_macro   0x0000000000000fb4       0x51 Display/display.o
 .debug_macro   0x0000000000001005       0xef Display/display.o
 .debug_macro   0x00000000000010f4       0x6a Display/display.o
 .debug_macro   0x000000000000115e      0x1df Display/display.o
 .debug_macro   0x000000000000133d       0x1c Display/display.o
 .debug_macro   0x0000000000001359       0x22 Display/display.o
 .debug_macro   0x000000000000137b       0xdf Display/display.o
 .debug_macro   0x000000000000145a     0x102d Display/display.o
 .debug_macro   0x0000000000002487      0x11f Display/display.o
 .debug_macro   0x00000000000025a6    0x12a33 Display/display.o
 .debug_macro   0x0000000000014fd9       0x43 Display/display.o
 .debug_macro   0x000000000001501c      0x174 Display/display.o
 .debug_macro   0x0000000000015190       0x53 Display/display.o
 .debug_macro   0x00000000000151e3      0x962 Display/display.o
 .debug_macro   0x0000000000015b45      0x5fe Display/display.o
 .debug_macro   0x0000000000016143      0x12f Display/display.o
 .debug_macro   0x0000000000016272      0x1fb Display/display.o
 .debug_macro   0x000000000001646d      0x1dc Display/display.o
 .debug_macro   0x0000000000016649      0x1bc Display/display.o
 .debug_macro   0x0000000000016805       0x30 Display/display.o
 .debug_macro   0x0000000000016835       0x3c Display/display.o
 .debug_macro   0x0000000000016871      0x236 Display/display.o
 .debug_macro   0x0000000000016aa7       0xc5 Display/display.o
 .debug_macro   0x0000000000016b6c      0x21d Display/display.o
 .debug_macro   0x0000000000016d89      0x22c Display/display.o
 .debug_macro   0x0000000000016fb5       0x58 Display/display.o
 .debug_macro   0x000000000001700d       0xa5 Display/display.o
 .debug_macro   0x00000000000170b2       0x81 Display/display.o
 .debug_macro   0x0000000000017133       0xd3 Display/display.o
 .debug_macro   0x0000000000017206      0x2fe Display/display.o
 .debug_macro   0x0000000000017504      0x275 Display/display.o
 .debug_macro   0x0000000000017779       0x18 Display/display.o
 .debug_macro   0x0000000000017791       0x46 Display/display.o
 .debug_macro   0x00000000000177d7       0x3c Display/display.o
 .debug_macro   0x0000000000017813       0x34 Display/display.o
 .debug_macro   0x0000000000017847       0x16 Display/display.o
 .debug_macro   0x000000000001785d       0x35 Display/display.o
 .debug_macro   0x0000000000017892       0x52 Display/display.o
 .debug_macro   0x00000000000178e4       0x1f Display/display.o
 .debug_macro   0x0000000000017903       0x43 Display/display.o
 .debug_macro   0x0000000000017946       0x20 Display/display.o
 .debug_macro   0x0000000000017966      0x1a3 Display/display.o
 .debug_macro   0x0000000000017b09      0x32a Display/display.o
 .debug_macro   0x0000000000017e33       0x16 Display/display.o
 .debug_macro   0x0000000000017e49       0x29 Display/display.o
 .debug_macro   0x0000000000017e72       0xa6 Display/display.o
 .debug_macro   0x0000000000017f18       0xa6 Display/display.o
 .debug_macro   0x0000000000017fbe       0x10 Display/display.o
 .debug_macro   0x0000000000017fce      0x1df Drivers/STM32F3xx_HAL_Driver/Src/stm32f3xx_hal.o
 .debug_macro   0x00000000000181ad      0x1bb Drivers/STM32F3xx_HAL_Driver/Src/stm32f3xx_hal_cortex.o
 .debug_macro   0x0000000000018368      0x1f3 Drivers/STM32F3xx_HAL_Driver/Src/stm32f3xx_hal_gpio.o
 .debug_macro   0x000000000001855b      0x1df Drivers/STM32F3xx_HAL_Driver/Src/stm32f3xx_hal_rcc.o
 .debug_macro   0x000000000001873a      0x1c3 Drivers/STM32F3xx_HAL_Driver/Src/stm32f3xx_hal_spi.o
 .debug_macro   0x00000000000188fd      0x290 ILI9341/ILI9341_Driver.o
 .debug_macro   0x0000000000018b8d      0x2b2 Src/main.o
 .debug_macro   0x0000000000018e3f       0xa0 Src/main.o
 .debug_macro   0x0000000000018edf      0x1e1 Src/main.o
 .debug_macro   0x00000000000190c0       0x4c Src/main.o
 .debug_macro   0x000000000001910c      0x1ca Src/stm32f3xx_hal_msp.o
 .debug_macro   0x00000000000192d6      0x1d4 Src/stm32f3xx_it.o
 .debug_macro   0x00000000000194aa      0x1c1 Src/system_stm32f3xx.o
 .debug_macro   0x000000000001966b      0x2b2 Touch/Touch.o
 .debug_macro   0x000000000001991d      0x10e Touch/Touch.o
 .debug_macro   0x0000000000019a2b       0x8d Touch/Touch.o
 .debug_macro   0x0000000000019ab8       0xd9 Touch/Touch.o
 .debug_macro   0x0000000000019b91       0x4d Touch/Touch.o

.debug_line     0x0000000000000000     0x74f7
 .debug_line    0x0000000000000000      0x9f4 Display/display.o
 .debug_line    0x00000000000009f4      0x84e Drivers/STM32F3xx_HAL_Driver/Src/stm32f3xx_hal.o
 .debug_line    0x0000000000001242      0x983 Drivers/STM32F3xx_HAL_Driver/Src/stm32f3xx_hal_cortex.o
 .debug_line    0x0000000000001bc5      0x803 Drivers/STM32F3xx_HAL_Driver/Src/stm32f3xx_hal_gpio.o
 .debug_line    0x00000000000023c8      0xdc6 Drivers/STM32F3xx_HAL_Driver/Src/stm32f3xx_hal_rcc.o
 .debug_line    0x000000000000318e     0x1104 Drivers/STM32F3xx_HAL_Driver/Src/stm32f3xx_hal_spi.o
 .debug_line    0x0000000000004292      0xbe5 ILI9341/ILI9341_Driver.o
 .debug_line    0x0000000000004e77      0x8b6 Src/main.o
 .debug_line    0x000000000000572d      0x69d Src/stm32f3xx_hal_msp.o
 .debug_line    0x0000000000005dca      0x712 Src/stm32f3xx_it.o
 .debug_line    0x00000000000064dc      0x68c Src/system_stm32f3xx.o
 .debug_line    0x0000000000006b68       0x80 Startup/startup_stm32f303vctx.o
 .debug_line    0x0000000000006be8      0x90f Touch/Touch.o

.debug_str      0x0000000000000000    0x9115c
 .debug_str     0x0000000000000000    0x8e5b8 Display/display.o
                                      0x8ec50 (size before relaxing)
 .debug_str     0x000000000008e5b8      0x77d Drivers/STM32F3xx_HAL_Driver/Src/stm32f3xx_hal.o
                                      0x8be97 (size before relaxing)
 .debug_str     0x000000000008ed35      0x435 Drivers/STM32F3xx_HAL_Driver/Src/stm32f3xx_hal_cortex.o
                                      0x8bfa5 (size before relaxing)
 .debug_str     0x000000000008f16a      0x25b Drivers/STM32F3xx_HAL_Driver/Src/stm32f3xx_hal_gpio.o
                                      0x8b961 (size before relaxing)
 .debug_str     0x000000000008f3c5      0x418 Drivers/STM32F3xx_HAL_Driver/Src/stm32f3xx_hal_rcc.o
                                      0x8bb69 (size before relaxing)
 .debug_str     0x000000000008f7dd      0x91c Drivers/STM32F3xx_HAL_Driver/Src/stm32f3xx_hal_spi.o
                                      0x8bfd6 (size before relaxing)
 .debug_str     0x00000000000900f9      0x27c ILI9341/ILI9341_Driver.o
                                      0x8f157 (size before relaxing)
 .debug_str     0x0000000000090375      0xbb9 Src/main.o
                                      0x8fc6a (size before relaxing)
 .debug_str     0x0000000000090f2e       0x1b Src/stm32f3xx_hal_msp.o
                                      0x8bce7 (size before relaxing)
 .debug_str     0x0000000000090f49       0xb8 Src/stm32f3xx_it.o
                                      0x8b8ad (size before relaxing)
 .debug_str     0x0000000000091001       0x6e Src/system_stm32f3xx.o
                                      0x8b70a (size before relaxing)
 .debug_str     0x000000000009106f       0x31 Startup/startup_stm32f303vctx.o
                                         0x75 (size before relaxing)
 .debug_str     0x00000000000910a0       0xbc Touch/Touch.o
                                      0x8f4fe (size before relaxing)

.comment        0x0000000000000000       0x7b
 .comment       0x0000000000000000       0x7b Display/display.o
                                         0x7c (size before relaxing)
 .comment       0x000000000000007b       0x7c Drivers/STM32F3xx_HAL_Driver/Src/stm32f3xx_hal.o
 .comment       0x000000000000007b       0x7c Drivers/STM32F3xx_HAL_Driver/Src/stm32f3xx_hal_cortex.o
 .comment       0x000000000000007b       0x7c Drivers/STM32F3xx_HAL_Driver/Src/stm32f3xx_hal_gpio.o
 .comment       0x000000000000007b       0x7c Drivers/STM32F3xx_HAL_Driver/Src/stm32f3xx_hal_rcc.o
 .comment       0x000000000000007b       0x7c Drivers/STM32F3xx_HAL_Driver/Src/stm32f3xx_hal_spi.o
 .comment       0x000000000000007b       0x7c ILI9341/ILI9341_Driver.o
 .comment       0x000000000000007b       0x7c Src/main.o
 .comment       0x000000000000007b       0x7c Src/stm32f3xx_hal_msp.o
 .comment       0x000000000000007b       0x7c Src/stm32f3xx_it.o
 .comment       0x000000000000007b       0x7c Src/system_stm32f3xx.o
 .comment       0x000000000000007b       0x7c Touch/Touch.o

.debug_frame    0x0000000000000000     0x1b84
 .debug_frame   0x0000000000000000       0xfc Display/display.o
 .debug_frame   0x00000000000000fc      0x334 Drivers/STM32F3xx_HAL_Driver/Src/stm32f3xx_hal.o
 .debug_frame   0x0000000000000430      0x498 Drivers/STM32F3xx_HAL_Driver/Src/stm32f3xx_hal_cortex.o
 .debug_frame   0x00000000000008c8      0x14c Drivers/STM32F3xx_HAL_Driver/Src/stm32f3xx_hal_gpio.o
 .debug_frame   0x0000000000000a14      0x214 Drivers/STM32F3xx_HAL_Driver/Src/stm32f3xx_hal_rcc.o
 .debug_frame   0x0000000000000c28      0x860 Drivers/STM32F3xx_HAL_Driver/Src/stm32f3xx_hal_spi.o
 .debug_frame   0x0000000000001488      0x308 ILI9341/ILI9341_Driver.o
 .debug_frame   0x0000000000001790       0xb4 Src/main.o
 .debug_frame   0x0000000000001844       0x80 Src/stm32f3xx_hal_msp.o
 .debug_frame   0x00000000000018c4      0x10c Src/stm32f3xx_it.o
 .debug_frame   0x00000000000019d0       0x58 Src/system_stm32f3xx.o
 .debug_frame   0x0000000000001a28      0x110 Touch/Touch.o
 .debug_frame   0x0000000000001b38       0x2c c:/st/stm32cubeide_1.3.0/stm32cubeide/plugins/com.st.stm32cube.ide.mcu.externaltools.gnu-tools-for-stm32.7-2018-q2-update.win32_1.0.0.201904181610/tools/bin/../lib/gcc/arm-none-eabi/7.3.1/../../../../arm-none-eabi/lib/thumb/v7e-m/fpv4-sp/hard\libc_nano.a(lib_a-init.o)
 .debug_frame   0x0000000000001b64       0x20 c:/st/stm32cubeide_1.3.0/stm32cubeide/plugins/com.st.stm32cube.ide.mcu.externaltools.gnu-tools-for-stm32.7-2018-q2-update.win32_1.0.0.201904181610/tools/bin/../lib/gcc/arm-none-eabi/7.3.1/../../../../arm-none-eabi/lib/thumb/v7e-m/fpv4-sp/hard\libc_nano.a(lib_a-memset.o)
